C:/Users/Jesus/Documents/V1.2.0_CARGADOR_COCHE - LCD- PWM - ADC/STM32Cube_FW_WL_V1.2.0/Projects/NUCLEO-WL55JC/Applications/LoRaWAN/LoRaWAN_End_Node_FreeRTOS/LoRaWAN/App/lora_app.c:960:13:OnTxFrameCtrlChanged	0	static
C:/Users/Jesus/Documents/V1.2.0_CARGADOR_COCHE - LCD- PWM - ADC/STM32Cube_FW_WL_V1.2.0/Projects/NUCLEO-WL55JC/Applications/LoRaWAN/LoRaWAN_End_Node_FreeRTOS/LoRaWAN/App/lora_app.c:971:13:OnPingSlotPeriodicityChanged	0	static
C:/Users/Jesus/Documents/V1.2.0_CARGADOR_COCHE - LCD- PWM - ADC/STM32Cube_FW_WL_V1.2.0/Projects/NUCLEO-WL55JC/Applications/LoRaWAN/LoRaWAN_End_Node_FreeRTOS/LoRaWAN/App/lora_app.c:884:13:OnBeaconStatusChange	72	static
C:/Users/Jesus/Documents/V1.2.0_CARGADOR_COCHE - LCD- PWM - ADC/STM32Cube_FW_WL_V1.2.0/Projects/NUCLEO-WL55JC/Applications/LoRaWAN/LoRaWAN_End_Node_FreeRTOS/LoRaWAN/App/lora_app.c:919:13:OnClassChange	16	static
C:/Users/Jesus/Documents/V1.2.0_CARGADOR_COCHE - LCD- PWM - ADC/STM32Cube_FW_WL_V1.2.0/Projects/NUCLEO-WL55JC/Applications/LoRaWAN/LoRaWAN_End_Node_FreeRTOS/LoRaWAN/App/lora_app.c:1071:13:OnNvmDataChange	8	static
C:/Users/Jesus/Documents/V1.2.0_CARGADOR_COCHE - LCD- PWM - ADC/STM32Cube_FW_WL_V1.2.0/Projects/NUCLEO-WL55JC/Applications/LoRaWAN/LoRaWAN_End_Node_FreeRTOS/LoRaWAN/App/lora_app.c:795:13:OnTxTimerEvent	8	static
C:/Users/Jesus/Documents/V1.2.0_CARGADOR_COCHE - LCD- PWM - ADC/STM32Cube_FW_WL_V1.2.0/Projects/NUCLEO-WL55JC/Applications/LoRaWAN/LoRaWAN_End_Node_FreeRTOS/LoRaWAN/App/lora_app.c:926:13:OnMacProcessNotify	8	static
C:/Users/Jesus/Documents/V1.2.0_CARGADOR_COCHE - LCD- PWM - ADC/STM32Cube_FW_WL_V1.2.0/Projects/NUCLEO-WL55JC/Applications/LoRaWAN/LoRaWAN_End_Node_FreeRTOS/LoRaWAN/App/lora_app.c:982:13:OnSystemReset	8	static,ignoring_inline_asm
C:/Users/Jesus/Documents/V1.2.0_CARGADOR_COCHE - LCD- PWM - ADC/STM32Cube_FW_WL_V1.2.0/Projects/NUCLEO-WL55JC/Applications/LoRaWAN/LoRaWAN_End_Node_FreeRTOS/LoRaWAN/App/lora_app.c:938:13:OnTxPeriodicityChanged	8	static
C:/Users/Jesus/Documents/V1.2.0_CARGADOR_COCHE - LCD- PWM - ADC/STM32Cube_FW_WL_V1.2.0/Projects/NUCLEO-WL55JC/Applications/LoRaWAN/LoRaWAN_End_Node_FreeRTOS/LoRaWAN/App/lora_app.c:827:13:OnTxData	24	static
C:/Users/Jesus/Documents/V1.2.0_CARGADOR_COCHE - LCD- PWM - ADC/STM32Cube_FW_WL_V1.2.0/Projects/NUCLEO-WL55JC/Applications/LoRaWAN/LoRaWAN_End_Node_FreeRTOS/LoRaWAN/App/lora_app.c:856:13:OnJoinRequest	8	static
C:/Users/Jesus/Documents/V1.2.0_CARGADOR_COCHE - LCD- PWM - ADC/STM32Cube_FW_WL_V1.2.0/Projects/NUCLEO-WL55JC/Applications/LoRaWAN/LoRaWAN_End_Node_FreeRTOS/LoRaWAN/App/lora_app.c:1033:13:OnStopJoinTimerEvent	8	static
C:/Users/Jesus/Documents/V1.2.0_CARGADOR_COCHE - LCD- PWM - ADC/STM32Cube_FW_WL_V1.2.0/Projects/NUCLEO-WL55JC/Applications/LoRaWAN/LoRaWAN_End_Node_FreeRTOS/LoRaWAN/App/lora_app.c:815:13:OnRxTimerLedEvent	8	static
C:/Users/Jesus/Documents/V1.2.0_CARGADOR_COCHE - LCD- PWM - ADC/STM32Cube_FW_WL_V1.2.0/Projects/NUCLEO-WL55JC/Applications/LoRaWAN/LoRaWAN_End_Node_FreeRTOS/LoRaWAN/App/lora_app.c:810:13:OnTxTimerLedEvent	8	static
C:/Users/Jesus/Documents/V1.2.0_CARGADOR_COCHE - LCD- PWM - ADC/STM32Cube_FW_WL_V1.2.0/Projects/NUCLEO-WL55JC/Applications/LoRaWAN/LoRaWAN_End_Node_FreeRTOS/LoRaWAN/App/lora_app.c:600:13:OnRxData	40	static
C:/Users/Jesus/Documents/V1.2.0_CARGADOR_COCHE - LCD- PWM - ADC/STM32Cube_FW_WL_V1.2.0/Projects/NUCLEO-WL55JC/Applications/LoRaWAN/LoRaWAN_End_Node_FreeRTOS/LoRaWAN/App/lora_app.c:1089:13:OnStoreContextRequest	16	static
C:/Users/Jesus/Documents/V1.2.0_CARGADOR_COCHE - LCD- PWM - ADC/STM32Cube_FW_WL_V1.2.0/Projects/NUCLEO-WL55JC/Applications/LoRaWAN/LoRaWAN_End_Node_FreeRTOS/LoRaWAN/App/lora_app.c:1108:13:OnRestoreContextRequest	8	static
C:/Users/Jesus/Documents/V1.2.0_CARGADOR_COCHE - LCD- PWM - ADC/STM32Cube_FW_WL_V1.2.0/Projects/NUCLEO-WL55JC/Applications/LoRaWAN/LoRaWAN_End_Node_FreeRTOS/LoRaWAN/App/lora_app.c:996:13:StopJoin	16	static
C:/Users/Jesus/Documents/V1.2.0_CARGADOR_COCHE - LCD- PWM - ADC/STM32Cube_FW_WL_V1.2.0/Projects/NUCLEO-WL55JC/Applications/LoRaWAN/LoRaWAN_End_Node_FreeRTOS/LoRaWAN/App/lora_app.c:583:13:Thd_LoraStopJoin	8	static
C:/Users/Jesus/Documents/V1.2.0_CARGADOR_COCHE - LCD- PWM - ADC/STM32Cube_FW_WL_V1.2.0/Projects/NUCLEO-WL55JC/Applications/LoRaWAN/LoRaWAN_End_Node_FreeRTOS/LoRaWAN/App/lora_app.c:1049:13:StoreContext	8	static
C:/Users/Jesus/Documents/V1.2.0_CARGADOR_COCHE - LCD- PWM - ADC/STM32Cube_FW_WL_V1.2.0/Projects/NUCLEO-WL55JC/Applications/LoRaWAN/LoRaWAN_End_Node_FreeRTOS/LoRaWAN/App/lora_app.c:566:13:Thd_LoraStoreContext	8	static
C:/Users/Jesus/Documents/V1.2.0_CARGADOR_COCHE - LCD- PWM - ADC/STM32Cube_FW_WL_V1.2.0/Projects/NUCLEO-WL55JC/Applications/LoRaWAN/LoRaWAN_End_Node_FreeRTOS/LoRaWAN/App/lora_app.c:679:13:SendTxData	56	static
C:/Users/Jesus/Documents/V1.2.0_CARGADOR_COCHE - LCD- PWM - ADC/STM32Cube_FW_WL_V1.2.0/Projects/NUCLEO-WL55JC/Applications/LoRaWAN/LoRaWAN_End_Node_FreeRTOS/LoRaWAN/App/lora_app.c:549:13:Thd_LoraSendProcess	8	static
C:/Users/Jesus/Documents/V1.2.0_CARGADOR_COCHE - LCD- PWM - ADC/STM32Cube_FW_WL_V1.2.0/Projects/NUCLEO-WL55JC/Applications/LoRaWAN/LoRaWAN_End_Node_FreeRTOS/LoRaWAN/App/lora_app.c:533:13:Thd_LmHandlerProcess	8	static
C:/Users/Jesus/Documents/V1.2.0_CARGADOR_COCHE - LCD- PWM - ADC/STM32Cube_FW_WL_V1.2.0/Projects/NUCLEO-WL55JC/Applications/LoRaWAN/LoRaWAN_End_Node_FreeRTOS/LoRaWAN/App/lora_app.c:820:13:OnJoinTimerLedEvent	8	static
C:/Users/Jesus/Documents/V1.2.0_CARGADOR_COCHE - LCD- PWM - ADC/STM32Cube_FW_WL_V1.2.0/Projects/NUCLEO-WL55JC/Applications/LoRaWAN/LoRaWAN_End_Node_FreeRTOS/LoRaWAN/App/lora_app.c:398:6:LoRaWAN_Init	40	static
C:/Users/Jesus/Documents/V1.2.0_CARGADOR_COCHE - LCD- PWM - ADC/STM32Cube_FW_WL_V1.2.0/Projects/NUCLEO-WL55JC/Applications/LoRaWAN/LoRaWAN_End_Node_FreeRTOS/LoRaWAN/App/lora_app.c:504:6:HAL_GPIO_EXTI_Callback	8	static
