C:/Users/Jesus/Documents/V1.2.0_CARGADOR_COCHE - LCD- PWM - ADC/STM32Cube_FW_WL_V1.2.0/Drivers/STM32WLxx_HAL_Driver/Src/stm32wlxx_hal_dma_ex.c:96:19:HAL_DMAEx_ConfigMuxSync	8	static
C:/Users/Jesus/Documents/V1.2.0_CARGADOR_COCHE - LCD- PWM - ADC/STM32Cube_FW_WL_V1.2.0/Drivers/STM32WLxx_HAL_Driver/Src/stm32wlxx_hal_dma_ex.c:145:19:HAL_DMAEx_ConfigMuxRequestGenerator	4	static
C:/Users/Jesus/Documents/V1.2.0_CARGADOR_COCHE - LCD- PWM - ADC/STM32Cube_FW_WL_V1.2.0/Drivers/STM32WLxx_HAL_Driver/Src/stm32wlxx_hal_dma_ex.c:203:19:HAL_DMAEx_EnableMuxRequestGenerator	0	static
C:/Users/Jesus/Documents/V1.2.0_CARGADOR_COCHE - LCD- PWM - ADC/STM32Cube_FW_WL_V1.2.0/Drivers/STM32WLxx_HAL_Driver/Src/stm32wlxx_hal_dma_ex.c:231:19:HAL_DMAEx_DisableMuxRequestGenerator	0	static
C:/Users/Jesus/Documents/V1.2.0_CARGADOR_COCHE - LCD- PWM - ADC/STM32Cube_FW_WL_V1.2.0/Drivers/STM32WLxx_HAL_Driver/Src/stm32wlxx_hal_dma_ex.c:259:6:HAL_DMAEx_MUX_IRQHandler	8	static
