C:/Users/Jesus/Documents/V1.2.0_CARGADOR_COCHE - LCD- PWM - ADC/STM32Cube_FW_WL_V1.2.0/Middlewares/Third_Party/LoRaWAN/Mac/LoRaMacSerializer.c:36:27:LoRaMacSerializerJoinRequest	8	static
C:/Users/Jesus/Documents/V1.2.0_CARGADOR_COCHE - LCD- PWM - ADC/STM32Cube_FW_WL_V1.2.0/Middlewares/Third_Party/LoRaWAN/Mac/LoRaMacSerializer.c:72:27:LoRaMacSerializerReJoinType1	8	static
C:/Users/Jesus/Documents/V1.2.0_CARGADOR_COCHE - LCD- PWM - ADC/STM32Cube_FW_WL_V1.2.0/Middlewares/Third_Party/LoRaWAN/Mac/LoRaMacSerializer.c:103:27:LoRaMacSerializerReJoinType0or2	8	static
C:/Users/Jesus/Documents/V1.2.0_CARGADOR_COCHE - LCD- PWM - ADC/STM32Cube_FW_WL_V1.2.0/Middlewares/Third_Party/LoRaWAN/Mac/LoRaMacSerializer.c:134:27:LoRaMacSerializerData	16	static
