../Application/User/Core/lcd_hd44780_i2c.c:355:13:lcdWriteByte	8	static
../Application/User/Core/lcd_hd44780_i2c.c:137:6:lcdCommand	16	static
../Application/User/Core/lcd_hd44780_i2c.c:58:6:lcdInit	16	static
../Application/User/Core/lcd_hd44780_i2c.c:257:6:lcdBacklight	8	static
../Application/User/Core/lcd_hd44780_i2c.c:277:6:lcdSetCursorPosition	16	static
../Application/User/Core/lcd_hd44780_i2c.c:296:6:lcdPrintStr	16	static
../Application/User/Core/lcd_hd44780_i2c.c:311:6:lcdPrintChar	16	static
../Application/User/Core/lcd_hd44780_i2c.c:327:6:lcdLoadCustomChar	24	static
