../Application/User/Core/liquidcrystal_i2c.c:271:13:DelayInit	0	static,ignoring_inline_asm
../Application/User/Core/liquidcrystal_i2c.c:287:13:DelayUS	8	static
../Application/User/Core/liquidcrystal_i2c.c:256:13:ExpanderWrite	24	static
../Application/User/Core/liquidcrystal_i2c.c:262:13:PulseEnable	8	static
../Application/User/Core/liquidcrystal_i2c.c:250:13:Write4Bits	8	static
../Application/User/Core/liquidcrystal_i2c.c:242:13:Send	16	static
../Application/User/Core/liquidcrystal_i2c.c:232:13:SendCommand	8	static
../Application/User/Core/liquidcrystal_i2c.c:237:13:SendChar	8	static
../Application/User/Core/liquidcrystal_i2c.c:97:6:HD44780_Clear	8	static
../Application/User/Core/liquidcrystal_i2c.c:103:6:HD44780_Home	8	static
../Application/User/Core/liquidcrystal_i2c.c:109:6:HD44780_SetCursor	24	static
../Application/User/Core/liquidcrystal_i2c.c:119:6:HD44780_NoDisplay	8	static
../Application/User/Core/liquidcrystal_i2c.c:125:6:HD44780_Display	8	static
../Application/User/Core/liquidcrystal_i2c.c:131:6:HD44780_NoCursor	8	static
../Application/User/Core/liquidcrystal_i2c.c:137:6:HD44780_Cursor	8	static
../Application/User/Core/liquidcrystal_i2c.c:143:6:HD44780_NoBlink	8	static
../Application/User/Core/liquidcrystal_i2c.c:149:6:HD44780_Blink	8	static
../Application/User/Core/liquidcrystal_i2c.c:155:6:HD44780_ScrollDisplayLeft	8	static
../Application/User/Core/liquidcrystal_i2c.c:160:6:HD44780_ScrollDisplayRight	8	static
../Application/User/Core/liquidcrystal_i2c.c:165:6:HD44780_LeftToRight	8	static
../Application/User/Core/liquidcrystal_i2c.c:171:6:HD44780_RightToLeft	8	static
../Application/User/Core/liquidcrystal_i2c.c:177:6:HD44780_AutoScroll	8	static
../Application/User/Core/liquidcrystal_i2c.c:183:6:HD44780_NoAutoScroll	8	static
../Application/User/Core/liquidcrystal_i2c.c:189:6:HD44780_CreateSpecialChar	16	static
../Application/User/Core/liquidcrystal_i2c.c:42:6:HD44780_Init	8	static
../Application/User/Core/liquidcrystal_i2c.c:199:6:HD44780_PrintSpecialChar	8	static
../Application/User/Core/liquidcrystal_i2c.c:204:6:HD44780_LoadCustomCharacter	8	static
../Application/User/Core/liquidcrystal_i2c.c:209:6:HD44780_PrintStr	8	static
../Application/User/Core/liquidcrystal_i2c.c:220:6:HD44780_NoBacklight	8	static
../Application/User/Core/liquidcrystal_i2c.c:226:6:HD44780_Backlight	8	static
../Application/User/Core/liquidcrystal_i2c.c:214:6:HD44780_SetBacklight	8	static
