C:/Users/Jesus/Documents/V1.2.0_CARGADOR_COCHE - LCD- PWM - ADC - MAXIMO/STM32Cube_FW_WL_V1.2.0/Projects/NUCLEO-WL55JC/Applications/LoRaWAN/LoRaWAN_End_Node_FreeRTOS/Core/Src/sys_app.c:296:13:tiny_snprintf_like	16	static
C:/Users/Jesus/Documents/V1.2.0_CARGADOR_COCHE - LCD- PWM - ADC - MAXIMO/STM32Cube_FW_WL_V1.2.0/Projects/NUCLEO-WL55JC/Applications/LoRaWAN/LoRaWAN_End_Node_FreeRTOS/Core/Src/sys_app.c:260:13:TimestampNow	32	static
C:/Users/Jesus/Documents/V1.2.0_CARGADOR_COCHE - LCD- PWM - ADC - MAXIMO/STM32Cube_FW_WL_V1.2.0/Projects/NUCLEO-WL55JC/Applications/LoRaWAN/LoRaWAN_End_Node_FreeRTOS/Core/Src/sys_app.c:89:6:SystemApp_Init	8	static
C:/Users/Jesus/Documents/V1.2.0_CARGADOR_COCHE - LCD- PWM - ADC - MAXIMO/STM32Cube_FW_WL_V1.2.0/Projects/NUCLEO-WL55JC/Applications/LoRaWAN/LoRaWAN_End_Node_FreeRTOS/Core/Src/sys_app.c:137:9:GetBatteryLevel	8	static
C:/Users/Jesus/Documents/V1.2.0_CARGADOR_COCHE - LCD- PWM - ADC - MAXIMO/STM32Cube_FW_WL_V1.2.0/Projects/NUCLEO-WL55JC/Applications/LoRaWAN/LoRaWAN_End_Node_FreeRTOS/Core/Src/sys_app.c:169:9:GetTemperatureLevel	32	static
C:/Users/Jesus/Documents/V1.2.0_CARGADOR_COCHE - LCD- PWM - ADC - MAXIMO/STM32Cube_FW_WL_V1.2.0/Projects/NUCLEO-WL55JC/Applications/LoRaWAN/LoRaWAN_End_Node_FreeRTOS/Core/Src/sys_app.c:183:6:GetUniqueId	16	static
C:/Users/Jesus/Documents/V1.2.0_CARGADOR_COCHE - LCD- PWM - ADC - MAXIMO/STM32Cube_FW_WL_V1.2.0/Projects/NUCLEO-WL55JC/Applications/LoRaWAN/LoRaWAN_End_Node_FreeRTOS/Core/Src/sys_app.c:220:12:GetLectura_CP	8	static
C:/Users/Jesus/Documents/V1.2.0_CARGADOR_COCHE - LCD- PWM - ADC - MAXIMO/STM32Cube_FW_WL_V1.2.0/Projects/NUCLEO-WL55JC/Applications/LoRaWAN/LoRaWAN_End_Node_FreeRTOS/Core/Src/sys_app.c:233:10:GetDevAddr	8	static
C:/Users/Jesus/Documents/V1.2.0_CARGADOR_COCHE - LCD- PWM - ADC - MAXIMO/STM32Cube_FW_WL_V1.2.0/Projects/NUCLEO-WL55JC/Applications/LoRaWAN/LoRaWAN_End_Node_FreeRTOS/Core/Src/sys_app.c:274:6:UTIL_ADV_TRACE_PreSendHook	8	static
C:/Users/Jesus/Documents/V1.2.0_CARGADOR_COCHE - LCD- PWM - ADC - MAXIMO/STM32Cube_FW_WL_V1.2.0/Projects/NUCLEO-WL55JC/Applications/LoRaWAN/LoRaWAN_End_Node_FreeRTOS/Core/Src/sys_app.c:285:6:UTIL_ADV_TRACE_PostSendHook	8	static
C:/Users/Jesus/Documents/V1.2.0_CARGADOR_COCHE - LCD- PWM - ADC - MAXIMO/STM32Cube_FW_WL_V1.2.0/Projects/NUCLEO-WL55JC/Applications/LoRaWAN/LoRaWAN_End_Node_FreeRTOS/Core/Src/sys_app.c:319:19:HAL_InitTick	0	static
C:/Users/Jesus/Documents/V1.2.0_CARGADOR_COCHE - LCD- PWM - ADC - MAXIMO/STM32Cube_FW_WL_V1.2.0/Projects/NUCLEO-WL55JC/Applications/LoRaWAN/LoRaWAN_End_Node_FreeRTOS/Core/Src/sys_app.c:334:10:HAL_GetTick	8	static
C:/Users/Jesus/Documents/V1.2.0_CARGADOR_COCHE - LCD- PWM - ADC - MAXIMO/STM32Cube_FW_WL_V1.2.0/Projects/NUCLEO-WL55JC/Applications/LoRaWAN/LoRaWAN_End_Node_FreeRTOS/Core/Src/sys_app.c:366:6:HAL_Delay	16	static
