C:/Users/Jesus/Documents/V1.2.0_CARGADOR_COCHE - LCD- PWM - ADC - MAXIMO/STM32Cube_FW_WL_V1.2.0/Projects/NUCLEO-WL55JC/Applications/LoRaWAN/LoRaWAN_End_Node_FreeRTOS/Core/Src/tim.c:97:6:HAL_TIM_PWM_MspInit	16	static
C:/Users/Jesus/Documents/V1.2.0_CARGADOR_COCHE - LCD- PWM - ADC - MAXIMO/STM32Cube_FW_WL_V1.2.0/Projects/NUCLEO-WL55JC/Applications/LoRaWAN/LoRaWAN_End_Node_FreeRTOS/Core/Src/tim.c:116:6:HAL_TIM_MspPostInit	32	static
C:/Users/Jesus/Documents/V1.2.0_CARGADOR_COCHE - LCD- PWM - ADC - MAXIMO/STM32Cube_FW_WL_V1.2.0/Projects/NUCLEO-WL55JC/Applications/LoRaWAN/LoRaWAN_End_Node_FreeRTOS/Core/Src/tim.c:30:6:MX_TIM1_Init	104	static
C:/Users/Jesus/Documents/V1.2.0_CARGADOR_COCHE - LCD- PWM - ADC - MAXIMO/STM32Cube_FW_WL_V1.2.0/Projects/NUCLEO-WL55JC/Applications/LoRaWAN/LoRaWAN_End_Node_FreeRTOS/Core/Src/tim.c:145:6:HAL_TIM_PWM_MspDeInit	8	static
